{
  "//": {
    "metadata": {
      "version": "0.0.0",
      "stackName": "test.tf.json"
    }
  }
}